<html>
<body>
<pre>
<h1>µVision Build Log</h1>
<h2>Project:</h2>
C:\Documents and Settings\francois\Bureau\Robotik\ESIAL_Robotik\Asserv_finale\Asserv_Finale.uvproj
Project File Date:  10/04/2011

<h2>Output:</h2>
Build target 'mbed NXP LPC1768'
compiling Odometrie.cpp...
asserv\odometrie\odometrie.h(66): error:  #20: identifier "Codeur" is undefined
asserv\odometrie\odometrie.h(67): error:  #20: identifier "Codeur" is undefined
compiling Pid.cpp...
asserv\filtres\Pid\../../Utils/../odometrie/Odometrie.h(66): error:  #20: identifier "Codeur" is undefined
asserv\filtres\Pid\../../Utils/../odometrie/Odometrie.h(67): error:  #20: identifier "Codeur" is undefined
compiling Utils.cpp...
asserv\Utils\../odometrie/Odometrie.h(66): error:  #20: identifier "Codeur" is undefined
asserv\Utils\../odometrie/Odometrie.h(67): error:  #20: identifier "Codeur" is undefined
compiling QuadRampDerivee.cpp...
asserv\filtres\QuadRampDerivee\../../Utils/../odometrie/Odometrie.h(66): error:  #20: identifier "Codeur" is undefined
asserv\filtres\QuadRampDerivee\../../Utils/../odometrie/Odometrie.h(67): error:  #20: identifier "Codeur" is undefined
compiling Regulateur.cpp...
asserv\regulateur\../filtres/Pid/../../Utils/../odometrie/Odometrie.h(66): error:  #20: identifier "Codeur" is undefined
asserv\regulateur\../filtres/Pid/../../Utils/../odometrie/Odometrie.h(67): error:  #20: identifier "Codeur" is undefined
compiling Md22.cpp...
compiling ConsignController.cpp...
asserv\consignController\../odometrie/Odometrie.h(66): error:  #20: identifier "Codeur" is undefined
asserv\consignController\../odometrie/Odometrie.h(67): error:  #20: identifier "Codeur" is undefined
compiling CommandManager.cpp...
asserv\commandManager\../ConsignController/../odometrie/Odometrie.h(66): error:  #20: identifier "Codeur" is undefined
asserv\commandManager\../ConsignController/../odometrie/Odometrie.h(67): error:  #20: identifier "Codeur" is undefined
compiling CMDList.cpp...
compiling Codeur.cpp...
asserv\codeurs\Codeur.h(27): warning:  #1-D: last line of file ends without a newline
asserv\codeurs\Codeur.cpp(61): warning:  #1-D: last line of file ends without a newline
compiling Main.cpp...
asserv\main\../config.h(18): error:  #20: identifier "int64_t" is undefined
asserv\main\../config.h(29): error:  #20: identifier "int64_t" is undefined
asserv\main\../config.h(30): error:  #20: identifier "int64_t" is undefined
asserv\main\../config.h(36): error:  #20: identifier "int64_t" is undefined
asserv\main\../config.h(37): error:  #20: identifier "int64_t" is undefined
asserv\main\../config.h(38): error:  #20: identifier "int64_t" is undefined
asserv\main\../config.h(40): error:  #20: identifier "int64_t" is undefined
asserv\main\../config.h(41): error:  #20: identifier "int64_t" is undefined
asserv\main\../config.h(44): error:  #20: identifier "int64_t" is undefined
asserv\main\../config.h(45): error:  #20: identifier "int64_t" is undefined
asserv\main\../config.h(46): error:  #20: identifier "int64_t" is undefined
asserv\main\../config.h(48): error:  #20: identifier "int64_t" is undefined
asserv\main\../config.h(49): error:  #20: identifier "int64_t" is undefined
asserv\main\../config.h(52): error:  #20: identifier "int64_t" is undefined
asserv\main\../config.h(53): error:  #20: identifier "int64_t" is undefined
asserv\main\../config.h(54): error:  #20: identifier "int64_t" is undefined
asserv\main\../config.h(55): error:  #20: identifier "int64_t" is undefined
asserv\main\../config.h(56): error:  #20: identifier "int64_t" is undefined
asserv\main\../config.h(57): error:  #20: identifier "int64_t" is undefined
asserv\main\../config.h(58): error:  #20: identifier "int64_t" is undefined
asserv\main\../config.h(59): error:  #20: identifier "int64_t" is undefined
asserv\main\../config.h(60): error:  #20: identifier "int64_t" is undefined
asserv\main\../config.h(62): error:  #20: identifier "int64_t" is undefined
asserv\main\../config.h(63): error:  #20: identifier "int64_t" is undefined
asserv\main\../config.h(64): error:  #20: identifier "int64_t" is undefined
asserv\main\../config.h(65): error:  #20: identifier "int64_t" is undefined
asserv\main\../config.h(66): error:  #20: identifier "int64_t" is undefined
asserv\main\Main.h(12): warning:  #2770-D: definition at end of file not followed by a semicolon or a declarator
asserv\main\Main.cpp(3): error:  #40: expected an identifier
asserv\main\Main.cpp(3): error:  #65: expected a ";"
asserv\main\Main.cpp(6): warning:  #1-D: last line of file ends without a newline
asserv\main\Main.cpp(6): warning:  #1331-D: null (zero) character in input line ignored
asserv\main\Main.cpp(6): warning: At end of source:  #12-D: parsing restarts here after previous syntax error
Target not created
Build target 'mbed NXP LPC1768'
compiling Odometrie.cpp...
asserv\odometrie\../codeurs/Codeur.h(27): warning:  #1-D: last line of file ends without a newline
asserv\odometrie\Odometrie.cpp(9): error:  #291: no default constructor exists for class "Codeur"
asserv\odometrie\Odometrie.cpp(9): error:  #291: no default constructor exists for class "Codeur"
compiling Pid.cpp...
asserv\filtres\Pid\../../Utils/../odometrie/../codeurs/Codeur.h(27): warning:  #1-D: last line of file ends without a newline
compiling Utils.cpp...
asserv\Utils\../odometrie/../codeurs/Codeur.h(27): warning:  #1-D: last line of file ends without a newline
compiling QuadRampDerivee.cpp...
asserv\filtres\QuadRampDerivee\../../Utils/../odometrie/../codeurs/Codeur.h(27): warning:  #1-D: last line of file ends without a newline
compiling Regulateur.cpp...
asserv\regulateur\../filtres/Pid/../../Utils/../odometrie/../codeurs/Codeur.h(27): warning:  #1-D: last line of file ends without a newline
compiling Md22.cpp...
compiling ConsignController.cpp...
asserv\consignController\../odometrie/../codeurs/Codeur.h(27): warning:  #1-D: last line of file ends without a newline
compiling CommandManager.cpp...
asserv\commandManager\../ConsignController/../odometrie/../codeurs/Codeur.h(27): warning:  #1-D: last line of file ends without a newline
compiling CMDList.cpp...
compiling Codeur.cpp...
asserv\codeurs\Codeur.h(27): warning:  #1-D: last line of file ends without a newline
asserv\codeurs\Codeur.cpp(61): warning:  #1-D: last line of file ends without a newline
compiling Main.cpp...
asserv\main\../config.h(18): error:  #20: identifier "int64_t" is undefined
asserv\main\../config.h(29): error:  #20: identifier "int64_t" is undefined
asserv\main\../config.h(30): error:  #20: identifier "int64_t" is undefined
asserv\main\../config.h(36): error:  #20: identifier "int64_t" is undefined
asserv\main\../config.h(37): error:  #20: identifier "int64_t" is undefined
asserv\main\../config.h(38): error:  #20: identifier "int64_t" is undefined
asserv\main\../config.h(40): error:  #20: identifier "int64_t" is undefined
asserv\main\../config.h(41): error:  #20: identifier "int64_t" is undefined
asserv\main\../config.h(44): error:  #20: identifier "int64_t" is undefined
asserv\main\../config.h(45): error:  #20: identifier "int64_t" is undefined
asserv\main\../config.h(46): error:  #20: identifier "int64_t" is undefined
asserv\main\../config.h(48): error:  #20: identifier "int64_t" is undefined
asserv\main\../config.h(49): error:  #20: identifier "int64_t" is undefined
asserv\main\../config.h(52): error:  #20: identifier "int64_t" is undefined
asserv\main\../config.h(53): error:  #20: identifier "int64_t" is undefined
asserv\main\../config.h(54): error:  #20: identifier "int64_t" is undefined
asserv\main\../config.h(55): error:  #20: identifier "int64_t" is undefined
asserv\main\../config.h(56): error:  #20: identifier "int64_t" is undefined
asserv\main\../config.h(57): error:  #20: identifier "int64_t" is undefined
asserv\main\../config.h(58): error:  #20: identifier "int64_t" is undefined
asserv\main\../config.h(59): error:  #20: identifier "int64_t" is undefined
asserv\main\../config.h(60): error:  #20: identifier "int64_t" is undefined
asserv\main\../config.h(62): error:  #20: identifier "int64_t" is undefined
asserv\main\../config.h(63): error:  #20: identifier "int64_t" is undefined
asserv\main\../config.h(64): error:  #20: identifier "int64_t" is undefined
asserv\main\../config.h(65): error:  #20: identifier "int64_t" is undefined
asserv\main\../config.h(66): error:  #20: identifier "int64_t" is undefined
asserv\main\Main.h(12): warning:  #2770-D: definition at end of file not followed by a semicolon or a declarator
asserv\main\Main.cpp(3): error:  #40: expected an identifier
asserv\main\Main.cpp(3): error:  #65: expected a ";"
asserv\main\Main.cpp(6): warning:  #1-D: last line of file ends without a newline
asserv\main\Main.cpp(6): warning:  #1331-D: null (zero) character in input line ignored
asserv\main\Main.cpp(6): warning: At end of source:  #12-D: parsing restarts here after previous syntax error
Target not created
Build target 'mbed NXP LPC1768'
compiling Odometrie.cpp...
asserv\odometrie\Odometrie.cpp(9): error:  #289: no instance of constructor "Codeur::Codeur" matches the argument list
asserv\odometrie\Odometrie.cpp(9): error:  #289: no instance of constructor "Codeur::Codeur" matches the argument list
compiling Pid.cpp...
compiling Utils.cpp...
compiling QuadRampDerivee.cpp...
compiling Regulateur.cpp...
compiling Md22.cpp...
compiling ConsignController.cpp...
compiling CommandManager.cpp...
compiling CMDList.cpp...
compiling Codeur.cpp...
compiling Main.cpp...
asserv\main\../config.h(18): error:  #20: identifier "int64_t" is undefined
asserv\main\../config.h(29): error:  #20: identifier "int64_t" is undefined
asserv\main\../config.h(30): error:  #20: identifier "int64_t" is undefined
asserv\main\../config.h(36): error:  #20: identifier "int64_t" is undefined
asserv\main\../config.h(37): error:  #20: identifier "int64_t" is undefined
asserv\main\../config.h(38): error:  #20: identifier "int64_t" is undefined
asserv\main\../config.h(40): error:  #20: identifier "int64_t" is undefined
asserv\main\../config.h(41): error:  #20: identifier "int64_t" is undefined
asserv\main\../config.h(44): error:  #20: identifier "int64_t" is undefined
asserv\main\../config.h(45): error:  #20: identifier "int64_t" is undefined
asserv\main\../config.h(46): error:  #20: identifier "int64_t" is undefined
asserv\main\../config.h(48): error:  #20: identifier "int64_t" is undefined
asserv\main\../config.h(49): error:  #20: identifier "int64_t" is undefined
asserv\main\../config.h(52): error:  #20: identifier "int64_t" is undefined
asserv\main\../config.h(53): error:  #20: identifier "int64_t" is undefined
asserv\main\../config.h(54): error:  #20: identifier "int64_t" is undefined
asserv\main\../config.h(55): error:  #20: identifier "int64_t" is undefined
asserv\main\../config.h(56): error:  #20: identifier "int64_t" is undefined
asserv\main\../config.h(57): error:  #20: identifier "int64_t" is undefined
asserv\main\../config.h(58): error:  #20: identifier "int64_t" is undefined
asserv\main\../config.h(59): error:  #20: identifier "int64_t" is undefined
asserv\main\../config.h(60): error:  #20: identifier "int64_t" is undefined
asserv\main\../config.h(62): error:  #20: identifier "int64_t" is undefined
asserv\main\../config.h(63): error:  #20: identifier "int64_t" is undefined
asserv\main\../config.h(64): error:  #20: identifier "int64_t" is undefined
asserv\main\../config.h(65): error:  #20: identifier "int64_t" is undefined
asserv\main\../config.h(66): error:  #20: identifier "int64_t" is undefined
asserv\main\Main.h(12): warning:  #2770-D: definition at end of file not followed by a semicolon or a declarator
asserv\main\Main.cpp(3): error:  #40: expected an identifier
asserv\main\Main.cpp(3): error:  #65: expected a ";"
asserv\main\Main.cpp(6): warning:  #1-D: last line of file ends without a newline
asserv\main\Main.cpp(6): warning:  #1331-D: null (zero) character in input line ignored
asserv\main\Main.cpp(6): warning: At end of source:  #12-D: parsing restarts here after previous syntax error
Target not created
Build target 'mbed NXP LPC1768'
compiling Odometrie.cpp...
compiling Pid.cpp...
compiling Utils.cpp...
compiling QuadRampDerivee.cpp...
compiling Regulateur.cpp...
compiling Md22.cpp...
compiling ConsignController.cpp...
compiling CommandManager.cpp...
compiling CMDList.cpp...
compiling Codeur.cpp...
compiling Main.cpp...
asserv\main\../config.h(18): error:  #20: identifier "int64_t" is undefined
asserv\main\../config.h(29): error:  #20: identifier "int64_t" is undefined
asserv\main\../config.h(30): error:  #20: identifier "int64_t" is undefined
asserv\main\../config.h(36): error:  #20: identifier "int64_t" is undefined
asserv\main\../config.h(37): error:  #20: identifier "int64_t" is undefined
asserv\main\../config.h(38): error:  #20: identifier "int64_t" is undefined
asserv\main\../config.h(40): error:  #20: identifier "int64_t" is undefined
asserv\main\../config.h(41): error:  #20: identifier "int64_t" is undefined
asserv\main\../config.h(44): error:  #20: identifier "int64_t" is undefined
asserv\main\../config.h(45): error:  #20: identifier "int64_t" is undefined
asserv\main\../config.h(46): error:  #20: identifier "int64_t" is undefined
asserv\main\../config.h(48): error:  #20: identifier "int64_t" is undefined
asserv\main\../config.h(49): error:  #20: identifier "int64_t" is undefined
asserv\main\../config.h(52): error:  #20: identifier "int64_t" is undefined
asserv\main\../config.h(53): error:  #20: identifier "int64_t" is undefined
asserv\main\../config.h(54): error:  #20: identifier "int64_t" is undefined
asserv\main\../config.h(55): error:  #20: identifier "int64_t" is undefined
asserv\main\../config.h(56): error:  #20: identifier "int64_t" is undefined
asserv\main\../config.h(57): error:  #20: identifier "int64_t" is undefined
asserv\main\../config.h(58): error:  #20: identifier "int64_t" is undefined
asserv\main\../config.h(59): error:  #20: identifier "int64_t" is undefined
asserv\main\../config.h(60): error:  #20: identifier "int64_t" is undefined
asserv\main\../config.h(62): error:  #20: identifier "int64_t" is undefined
asserv\main\../config.h(63): error:  #20: identifier "int64_t" is undefined
asserv\main\../config.h(64): error:  #20: identifier "int64_t" is undefined
asserv\main\../config.h(65): error:  #20: identifier "int64_t" is undefined
asserv\main\../config.h(66): error:  #20: identifier "int64_t" is undefined
asserv\main\Main.h(12): warning:  #2770-D: definition at end of file not followed by a semicolon or a declarator
asserv\main\Main.cpp(3): error:  #40: expected an identifier
asserv\main\Main.cpp(3): error:  #65: expected a ";"
asserv\main\Main.cpp(6): warning:  #1-D: last line of file ends without a newline
asserv\main\Main.cpp(6): warning:  #1331-D: null (zero) character in input line ignored
asserv\main\Main.cpp(6): warning: At end of source:  #12-D: parsing restarts here after previous syntax error
Target not created
Build target 'mbed NXP LPC1768'
compiling Odometrie.cpp...
compiling Pid.cpp...
compiling Utils.cpp...
compiling QuadRampDerivee.cpp...
compiling Regulateur.cpp...
compiling Md22.cpp...
compiling ConsignController.cpp...
compiling CommandManager.cpp...
compiling CMDList.cpp...
compiling Codeur.cpp...
compiling Main.cpp...
asserv\main\Main.h(13): warning:  #2770-D: definition at end of file not followed by a semicolon or a declarator
asserv\main\Main.cpp(3): error:  #40: expected an identifier
asserv\main\Main.cpp(3): error:  #65: expected a ";"
asserv\main\Main.cpp(6): warning:  #1-D: last line of file ends without a newline
asserv\main\Main.cpp(6): warning:  #1331-D: null (zero) character in input line ignored
asserv\main\Main.cpp(6): warning: At end of source:  #12-D: parsing restarts here after previous syntax error
Target not created
Build target 'mbed NXP LPC1768'
compiling Odometrie.cpp...
compiling Pid.cpp...
compiling Utils.cpp...
compiling QuadRampDerivee.cpp...
compiling Regulateur.cpp...
compiling Md22.cpp...
compiling ConsignController.cpp...
compiling CommandManager.cpp...
compiling CMDList.cpp...
compiling Codeur.cpp...
compiling Main.cpp...
asserv\main\Main.cpp(3): error:  #40: expected an identifier
asserv\main\Main.cpp(3): error:  #65: expected a ";"
asserv\main\Main.cpp(6): warning:  #1-D: last line of file ends without a newline
asserv\main\Main.cpp(6): warning:  #1331-D: null (zero) character in input line ignored
asserv\main\Main.cpp(6): warning: At end of source:  #12-D: parsing restarts here after previous syntax error
Target not created
Build target 'mbed NXP LPC1768'
compiling Odometrie.cpp...
compiling Pid.cpp...
compiling Utils.cpp...
compiling QuadRampDerivee.cpp...
compiling Regulateur.cpp...
compiling Md22.cpp...
compiling ConsignController.cpp...
compiling CommandManager.cpp...
compiling CMDList.cpp...
compiling Codeur.cpp...
compiling Main.cpp...
asserv\main\Main.cpp(4): error:  #20: identifier "Odometrie" is undefined
asserv\main\Main.cpp(4): error:  #79: expected a type specifier
asserv\main\Main.cpp(6): warning:  #1-D: last line of file ends without a newline
asserv\main\Main.cpp(6): warning:  #1331-D: null (zero) character in input line ignored
Target not created
Build target 'mbed NXP LPC1768'
compiling Odometrie.cpp...
compiling Pid.cpp...
compiling Utils.cpp...
compiling QuadRampDerivee.cpp...
compiling Regulateur.cpp...
compiling Md22.cpp...
compiling ConsignController.cpp...
compiling CommandManager.cpp...
compiling CMDList.cpp...
compiling Codeur.cpp...
compiling Main.cpp...
asserv\main\Main.cpp(6): warning:  #1-D: last line of file ends without a newline
asserv\main\Main.cpp(6): warning:  #1331-D: null (zero) character in input line ignored
linking...
.\build\Asserv_finale.axf: Error: L6218E: Undefined symbol main (referred from rtentry2.o).
Target not created
Build target 'mbed NXP LPC1768'
compiling Odometrie.cpp...
compiling Pid.cpp...
compiling Utils.cpp...
compiling QuadRampDerivee.cpp...
compiling Regulateur.cpp...
compiling Md22.cpp...
compiling ConsignController.cpp...
compiling CommandManager.cpp...
compiling CMDList.cpp...
compiling Codeur.cpp...
compiling Main.cpp...
linking...
.\build\Asserv_finale.axf: Error: L6218E: Undefined symbol main (referred from rtentry2.o).
Target not created
Build target 'mbed NXP LPC1768'
compiling Odometrie.cpp...
compiling Pid.cpp...
compiling Utils.cpp...
compiling QuadRampDerivee.cpp...
compiling Regulateur.cpp...
compiling Md22.cpp...
compiling ConsignController.cpp...
compiling CommandManager.cpp...
compiling CMDList.cpp...
compiling Codeur.cpp...
compiling Main.cpp...
asserv\main\Main.h(8): warning:  #951-D: return type of function "main" must be "int"
asserv\main\Main.cpp(3): warning:  #951-D: return type of function "main" must be "int"
linking...
Program Size: Code=960 RO-data=228 RW-data=204 ZI-data=4  
User command #1: fromelf --bin -o Asserv_finale.bin .\build\Asserv_finale.axf
".\build\Asserv_finale.axf" - 0 Error(s), 2 Warning(s).
Build target 'mbed NXP LPC1768'
compiling Odometrie.cpp...
compiling Pid.cpp...
compiling Utils.cpp...
compiling QuadRampDerivee.cpp...
compiling Regulateur.cpp...
compiling Md22.cpp...
compiling ConsignController.cpp...
compiling CommandManager.cpp...
compiling CMDList.cpp...
compiling Codeur.cpp...
compiling Main.cpp...
asserv\main\Main.h(8): warning:  #951-D: return type of function "main" must be "int"
asserv\main\Main.cpp(3): error:  #311: cannot overload functions distinguished by return type alone
asserv\main\Main.cpp(4): error:  #20: identifier "Odometrie" is undefined
asserv\main\Main.cpp(4): error:  #79: expected a type specifier
asserv\main\Main.cpp(5): warning:  #940-D: missing return statement at end of non-void function "<error>"
Target not created
Build target 'mbed NXP LPC1768'
compiling Odometrie.cpp...
compiling Pid.cpp...
compiling Utils.cpp...
compiling QuadRampDerivee.cpp...
compiling Regulateur.cpp...
compiling Md22.cpp...
compiling ConsignController.cpp...
compiling CommandManager.cpp...
compiling CMDList.cpp...
compiling Codeur.cpp...
compiling Main.cpp...
asserv\main\Main.cpp(4): error:  #20: identifier "Odometrie" is undefined
asserv\main\Main.cpp(4): error:  #79: expected a type specifier
Target not created
Build target 'mbed NXP LPC1768'
compiling Odometrie.cpp...
compiling Pid.cpp...
compiling Utils.cpp...
compiling QuadRampDerivee.cpp...
compiling Regulateur.cpp...
compiling Md22.cpp...
compiling ConsignController.cpp...
compiling CommandManager.cpp...
compiling CMDList.cpp...
compiling Codeur.cpp...
compiling Main.cpp...
asserv\main\Main.cpp(4): error:  #20: identifier "Odometrie" is undefined
asserv\main\Main.cpp(4): error:  #276: name followed by "::" must be a class or namespace name
asserv\main\Main.cpp(4): error:  #79: expected a type specifier
Target not created
Build target 'mbed NXP LPC1768'
compiling Odometrie.cpp...
compiling Pid.cpp...
compiling Utils.cpp...
compiling QuadRampDerivee.cpp...
compiling Regulateur.cpp...
compiling Md22.cpp...
compiling ConsignController.cpp...
compiling CommandManager.cpp...
compiling CMDList.cpp...
compiling Codeur.cpp...
compiling Main.cpp...
asserv\main\Main.cpp(4): error:  #20: identifier "Odometrie" is undefined
asserv\main\Main.cpp(4): error:  #79: expected a type specifier
Target not created
Build target 'mbed NXP LPC1768'
compiling Odometrie.cpp...
compiling Pid.cpp...
compiling Utils.cpp...
compiling QuadRampDerivee.cpp...
compiling Regulateur.cpp...
compiling Md22.cpp...
compiling ConsignController.cpp...
compiling CommandManager.cpp...
compiling CMDList.cpp...
compiling Codeur.cpp...
compiling Main.cpp...
asserv\main\Main.cpp(4): error:  #415: no suitable constructor exists to convert from "Odometrie *" to "Odometrie"
Target not created
Build target 'mbed NXP LPC1768'
compiling Odometrie.cpp...
compiling Pid.cpp...
compiling Utils.cpp...
compiling QuadRampDerivee.cpp...
compiling Regulateur.cpp...
compiling Md22.cpp...
compiling ConsignController.cpp...
compiling CommandManager.cpp...
compiling CMDList.cpp...
compiling Codeur.cpp...
compiling Main.cpp...
linking...
Program Size: Code=29012 RO-data=1952 RW-data=284 ZI-data=536  
User command #1: fromelf --bin -o Asserv_finale.bin .\build\Asserv_finale.axf
".\build\Asserv_finale.axf" - 0 Error(s), 0 Warning(s).
Build target 'mbed NXP LPC1768'
compiling Odometrie.cpp...
compiling Pid.cpp...
compiling Utils.cpp...
compiling QuadRampDerivee.cpp...
compiling Regulateur.cpp...
compiling Md22.cpp...
compiling ConsignController.cpp...
compiling CommandManager.cpp...
compiling CMDList.cpp...
compiling Codeur.cpp...
compiling Main.cpp...
asserv\main\Main.cpp(5): error:  #20: identifier "MotorsController" is undefined
asserv\main\Main.cpp(5): error:  #20: identifier "motorController" is undefined
asserv\main\Main.cpp(5): error:  #79: expected a type specifier
asserv\main\Main.cpp(5): error:  #18: expected a ")"
asserv\main\Main.cpp(6): error:  #20: identifier "ConsignController" is undefined
asserv\main\Main.cpp(6): error:  #20: identifier "consignController" is undefined
asserv\main\Main.cpp(6): error:  #79: expected a type specifier
asserv\main\Main.cpp(6): error:  #18: expected a ")"
asserv\main\Main.cpp(7): error:  #20: identifier "CommandManager" is undefined
asserv\main\Main.cpp(7): error:  #20: identifier "commandManager" is undefined
asserv\main\Main.cpp(7): error:  #79: expected a type specifier
asserv\main\Main.cpp(7): error:  #18: expected a ")"
Target not created
Build target 'mbed NXP LPC1768'
compiling Odometrie.cpp...
compiling Pid.cpp...
compiling Utils.cpp...
compiling QuadRampDerivee.cpp...
compiling Regulateur.cpp...
compiling Md22.cpp...
compiling ConsignController.cpp...
compiling CommandManager.cpp...
compiling CMDList.cpp...
compiling Codeur.cpp...
compiling Main.cpp...
linking...
Program Size: Code=34796 RO-data=2328 RW-data=548 ZI-data=536  
User command #1: fromelf --bin -o Asserv_finale.bin .\build\Asserv_finale.axf
".\build\Asserv_finale.axf" - 0 Error(s), 0 Warning(s).
Build target 'mbed NXP LPC1768'
compiling Odometrie.cpp...
compiling Pid.cpp...
compiling Utils.cpp...
compiling QuadRampDerivee.cpp...
compiling Regulateur.cpp...
compiling Md22.cpp...
compiling ConsignController.cpp...
compiling CommandManager.cpp...
compiling CMDList.cpp...
compiling Codeur.cpp...
compiling Main.cpp...
linking...
Program Size: Code=34804 RO-data=2328 RW-data=564 ZI-data=536  
User command #1: fromelf --bin -o Asserv_finale.bin .\build\Asserv_finale.axf
".\build\Asserv_finale.axf" - 0 Error(s), 0 Warning(s).
Build target 'mbed NXP LPC1768'
compiling Odometrie.cpp...
compiling Pid.cpp...
compiling Utils.cpp...
compiling QuadRampDerivee.cpp...
compiling Regulateur.cpp...
compiling Md22.cpp...
compiling ConsignController.cpp...
compiling CommandManager.cpp...
compiling CMDList.cpp...
compiling Codeur.cpp...
compiling Main.cpp...
asserv\main\Main.cpp(11): error:  #822: invalid destructor name for type "Odometrie *"
Target not created
Build target 'mbed NXP LPC1768'
compiling Odometrie.cpp...
compiling Pid.cpp...
compiling Utils.cpp...
compiling QuadRampDerivee.cpp...
compiling Regulateur.cpp...
compiling Md22.cpp...
compiling ConsignController.cpp...
compiling CommandManager.cpp...
compiling CMDList.cpp...
compiling Codeur.cpp...
compiling Main.cpp...
linking...
Program Size: Code=34812 RO-data=2328 RW-data=564 ZI-data=536  
User command #1: fromelf --bin -o Asserv_finale.bin .\build\Asserv_finale.axf
".\build\Asserv_finale.axf" - 0 Error(s), 0 Warning(s).
Build target 'mbed NXP LPC1768'
compiling Odometrie.cpp...
compiling Pid.cpp...
compiling Utils.cpp...
compiling QuadRampDerivee.cpp...
compiling Regulateur.cpp...
compiling Md22.cpp...
compiling ConsignController.cpp...
compiling CommandManager.cpp...
compiling CMDList.cpp...
compiling Codeur.cpp...
compiling Main.cpp...
asserv\main\Main.cpp(13): error:  #822: invalid destructor name for type "MotorsController"
Target not created
Build target 'mbed NXP LPC1768'
compiling Odometrie.cpp...
compiling Pid.cpp...
compiling Utils.cpp...
compiling QuadRampDerivee.cpp...
compiling Regulateur.cpp...
compiling Md22.cpp...
compiling ConsignController.cpp...
compiling CommandManager.cpp...
compiling CMDList.cpp...
compiling Codeur.cpp...
compiling Main.cpp...
linking...
Program Size: Code=34872 RO-data=2332 RW-data=564 ZI-data=536  
User command #1: fromelf --bin -o Asserv_finale.bin .\build\Asserv_finale.axf
".\build\Asserv_finale.axf" - 0 Error(s), 0 Warning(s).
